{
    "cat_fastq concatenates fastq files for paired end reads": {
        "content": [
            {
                "0": [
                    [
                        {
                            "sampleName": "Chromium_3p_GEX_Human_PBMC_chr21_100000",
                            "sampleNumber": "1",
                            "readType": "paired"
                        },
                        [
                            "Chromium_3p_GEX_Human_PBMC_chr21_100000_R1.fastq.gz:md5,d7331d848bc1724b309cb8263ab1c35b",
                            "Chromium_3p_GEX_Human_PBMC_chr21_100000_R2.fastq.gz:md5,08062478b5dcccb147625d632bf88443"
                        ]
                    ]
                ],
                "reads": [
                    [
                        {
                            "sampleName": "Chromium_3p_GEX_Human_PBMC_chr21_100000",
                            "sampleNumber": "1",
                            "readType": "paired"
                        },
                        [
                            "Chromium_3p_GEX_Human_PBMC_chr21_100000_R1.fastq.gz:md5,d7331d848bc1724b309cb8263ab1c35b",
                            "Chromium_3p_GEX_Human_PBMC_chr21_100000_R2.fastq.gz:md5,08062478b5dcccb147625d632bf88443"
                        ]
                    ]
                ]
            }
        ],
        "timestamp": "2023-08-22T16:23:32+0000"
    },
    "cat_fastq concatenates fastq files for single end reads": {
        "content": [
            {
                "0": [
                    [
                        {
                            "sampleName": "SRR1066657",
                            "sampleNumber": "3",
                            "readType": "single"
                        },
                        "SRR1066657_R1.fastq.gz:md5,ccabf5ada78353bc8c0584940ab92d35"
                    ]
                ],
                "reads": [
                    [
                        {
                            "sampleName": "SRR1066657",
                            "sampleNumber": "3",
                            "readType": "single"
                        },
                        "SRR1066657_R1.fastq.gz:md5,ccabf5ada78353bc8c0584940ab92d35"
                    ]
                ]
            }
        ],
        "timestamp": "2023-08-22T16:23:32+0000"
    }
}