{
    "fastp trims reads -- PE reads + adapter fasta": {
        "content": [
            [
                [
                    {
                        "sampleName": "SRR6924569",
                        "sampleNumber": "1",
                        "lane": "001",
                        "readType": "paired",
                        "trimStatus": "raw"
                    },
                    "SRR6924569_L001_trimmed_R1.fastq.gz:md5,8aa724807a5f1c787ece1c5f1e1b4e1f",
                    "SRR6924569_L001_trimmed_R2.fastq.gz:md5,fa5d0be90eaba718ba1048dc1ca4027c"
                ]
            ]
        ],
        "meta": {
            "nf-test": "0.9.0",
            "nextflow": "23.10.1"
        },
        "timestamp": "2024-08-23T16:44:47.700510215"
    },
    "fastp trims reads -- SE reads": {
        "content": [
            [
                [
                    {
                        "sampleName": "SRR1066657",
                        "sampleNumber": "3",
                        "lane": "001",
                        "readType": "single",
                        "trimStatus": "raw"
                    },
                    "SRR1066657_L001_trimmed_R1.fastq.gz:md5,dcc871a89deb4f6848918e2e14f511ec",
                    "SRR1066657_L001_trimmed_R2.NOFILE:md5,d41d8cd98f00b204e9800998ecf8427e"
                ]
            ]
        ],
        "meta": {
            "nf-test": "0.9.0",
            "nextflow": "23.10.1"
        },
        "timestamp": "2024-08-23T16:44:24.838135649"
    },
    "fastp trims reads -- PE reads": {
        "content": [
            [
                [
                    {
                        "sampleName": "SRR6924569",
                        "sampleNumber": "1",
                        "lane": "001",
                        "readType": "paired",
                        "trimStatus": "raw"
                    },
                    "SRR6924569_L001_trimmed_R1.fastq.gz:md5,d039428aeeaed7409cbe9f357df2ea49",
                    "SRR6924569_L001_trimmed_R2.fastq.gz:md5,52bb6a4d21c88014ceb20af871c162c0"
                ]
            ]
        ],
        "meta": {
            "nf-test": "0.9.0",
            "nextflow": "23.10.1"
        },
        "timestamp": "2024-08-23T16:44:32.116783125"
    },
    "fastp trims reads -- SE reads + adapter fasta": {
        "content": [
            [
                [
                    {
                        "sampleName": "SRR1066657",
                        "sampleNumber": "3",
                        "lane": "001",
                        "readType": "single",
                        "trimStatus": "raw"
                    },
                    "SRR1066657_L001_trimmed_R1.fastq.gz:md5,94064a8eefdb349a2a7a16840bac19ac",
                    "SRR1066657_L001_trimmed_R2.NOFILE:md5,d41d8cd98f00b204e9800998ecf8427e"
                ]
            ]
        ],
        "meta": {
            "nf-test": "0.9.0",
            "nextflow": "23.10.1"
        },
        "timestamp": "2024-08-23T16:44:39.686718036"
    }
}