{
    "MAP_READS maps reads to a reference genome and outputs sorted BAMs -- STAR + SE reads.": {
        "content": [
            {
                "0": [
                    [
                        {
                            "sampleName": "SRR1066657",
                            "sampleNumber": "3",
                            "lane": "001",
                            "readType": "single",
                            "rgFields": {
                                "ID": "SRR1066657.001",
                                "SM": "SRR1066657",
                                "LB": "SRR1066657",
                                "PL": "ILLUMINA"
                            }
                        },
                        "SRR1066657_L001.bam:md5,0f8b62185e1d8f6f90df99c640adbf67",
                        "SRR1066657_L001.bam.bai:md5,1eee988255ed4674c6552cb7ac6e8466"
                    ],
                    [
                        {
                            "sampleName": "SRR1066657",
                            "sampleNumber": "3",
                            "lane": "002",
                            "readType": "single",
                            "rgFields": {
                                "ID": "SRR1066657.002",
                                "SM": "SRR1066657",
                                "LB": "SRR1066657",
                                "PL": "ILLUMINA"
                            }
                        },
                        "SRR1066657_L002.bam:md5,cdba3bef17e244b99611aa139172ac91",
                        "SRR1066657_L002.bam.bai:md5,b6c6793471485d2384e554bd5c34b552"
                    ]
                ],
                "1": [
                    [
                        {
                            "sampleName": "SRR1066657",
                            "sampleNumber": "3",
                            "readType": "single"
                        },
                        "SRR1066657.bam:md5,10041771e833e3547a8cb7cecc32993f",
                        "SRR1066657.bam.bai:md5,8b8cde26505c765567a71c84d74d8024"
                    ]
                ],
                "2": [
                    [
                        {
                            "sampleName": "SRR1066657",
                            "sampleNumber": "3",
                            "readType": "single"
                        },
                        "SRR1066657.bam:md5,f1c973925ec2345043792ea737ff907b"
                    ]
                ],
                "alignmentsIndividualSortedByCoord": [
                    [
                        {
                            "sampleName": "SRR1066657",
                            "sampleNumber": "3",
                            "lane": "001",
                            "readType": "single",
                            "rgFields": {
                                "ID": "SRR1066657.001",
                                "SM": "SRR1066657",
                                "LB": "SRR1066657",
                                "PL": "ILLUMINA"
                            }
                        },
                        "SRR1066657_L001.bam:md5,0f8b62185e1d8f6f90df99c640adbf67",
                        "SRR1066657_L001.bam.bai:md5,1eee988255ed4674c6552cb7ac6e8466"
                    ],
                    [
                        {
                            "sampleName": "SRR1066657",
                            "sampleNumber": "3",
                            "lane": "002",
                            "readType": "single",
                            "rgFields": {
                                "ID": "SRR1066657.002",
                                "SM": "SRR1066657",
                                "LB": "SRR1066657",
                                "PL": "ILLUMINA"
                            }
                        },
                        "SRR1066657_L002.bam:md5,cdba3bef17e244b99611aa139172ac91",
                        "SRR1066657_L002.bam.bai:md5,b6c6793471485d2384e554bd5c34b552"
                    ]
                ],
                "alignmentsMergedSortedByCoord": [
                    [
                        {
                            "sampleName": "SRR1066657",
                            "sampleNumber": "3",
                            "readType": "single"
                        },
                        "SRR1066657.bam:md5,10041771e833e3547a8cb7cecc32993f",
                        "SRR1066657.bam.bai:md5,8b8cde26505c765567a71c84d74d8024"
                    ]
                ],
                "alignmentsMergedSortedByName": [
                    [
                        {
                            "sampleName": "SRR1066657",
                            "sampleNumber": "3",
                            "readType": "single"
                        },
                        "SRR1066657.bam:md5,f1c973925ec2345043792ea737ff907b"
                    ]
                ]
            }
        ],
        "timestamp": "2024-04-02T10:20:42.412114832"
    },
    "MAP_READS maps reads to a reference genome and outputs sorted BAMs -- bwa-mem2 + SE reads.": {
        "content": [
            {
                "0": [
                    [
                        {
                            "sampleName": "SRR1066657",
                            "sampleNumber": "3",
                            "lane": "001",
                            "readType": "single",
                            "rgFields": {
                                "ID": "SRR1066657.001",
                                "SM": "SRR1066657",
                                "LB": "SRR1066657",
                                "PL": "ILLUMINA"
                            }
                        },
                        "SRR1066657_L001.bam:md5,05abb2339e1cd05aa80cebf35c2f4a88",
                        "SRR1066657_L001.bam.bai:md5,af7546457c6c2a1b8a0945e09c763d84"
                    ],
                    [
                        {
                            "sampleName": "SRR1066657",
                            "sampleNumber": "3",
                            "lane": "002",
                            "readType": "single",
                            "rgFields": {
                                "ID": "SRR1066657.002",
                                "SM": "SRR1066657",
                                "LB": "SRR1066657",
                                "PL": "ILLUMINA"
                            }
                        },
                        "SRR1066657_L002.bam:md5,19590e9db595d2a75483fa6a639f83b4",
                        "SRR1066657_L002.bam.bai:md5,b8acafd02e9e90062b60f409b6ebf15f"
                    ]
                ],
                "1": [
                    [
                        {
                            "sampleName": "SRR1066657",
                            "sampleNumber": "3",
                            "readType": "single"
                        },
                        "SRR1066657.bam:md5,9194dc02884a6de875eb9e3a20bae8be",
                        "SRR1066657.bam.bai:md5,ad22a922eab7c2c199663d1ef3ff9823"
                    ]
                ],
                "2": [
                    [
                        {
                            "sampleName": "SRR1066657",
                            "sampleNumber": "3",
                            "readType": "single"
                        },
                        "SRR1066657.bam:md5,6cb56a94929ed4ee9ec32a8872279738"
                    ]
                ],
                "alignmentsIndividualSortedByCoord": [
                    [
                        {
                            "sampleName": "SRR1066657",
                            "sampleNumber": "3",
                            "lane": "001",
                            "readType": "single",
                            "rgFields": {
                                "ID": "SRR1066657.001",
                                "SM": "SRR1066657",
                                "LB": "SRR1066657",
                                "PL": "ILLUMINA"
                            }
                        },
                        "SRR1066657_L001.bam:md5,05abb2339e1cd05aa80cebf35c2f4a88",
                        "SRR1066657_L001.bam.bai:md5,af7546457c6c2a1b8a0945e09c763d84"
                    ],
                    [
                        {
                            "sampleName": "SRR1066657",
                            "sampleNumber": "3",
                            "lane": "002",
                            "readType": "single",
                            "rgFields": {
                                "ID": "SRR1066657.002",
                                "SM": "SRR1066657",
                                "LB": "SRR1066657",
                                "PL": "ILLUMINA"
                            }
                        },
                        "SRR1066657_L002.bam:md5,19590e9db595d2a75483fa6a639f83b4",
                        "SRR1066657_L002.bam.bai:md5,b8acafd02e9e90062b60f409b6ebf15f"
                    ]
                ],
                "alignmentsMergedSortedByCoord": [
                    [
                        {
                            "sampleName": "SRR1066657",
                            "sampleNumber": "3",
                            "readType": "single"
                        },
                        "SRR1066657.bam:md5,9194dc02884a6de875eb9e3a20bae8be",
                        "SRR1066657.bam.bai:md5,ad22a922eab7c2c199663d1ef3ff9823"
                    ]
                ],
                "alignmentsMergedSortedByName": [
                    [
                        {
                            "sampleName": "SRR1066657",
                            "sampleNumber": "3",
                            "readType": "single"
                        },
                        "SRR1066657.bam:md5,6cb56a94929ed4ee9ec32a8872279738"
                    ]
                ]
            }
        ],
        "timestamp": "2024-04-02T10:19:05.063904655"
    },
    "MAP_READS maps reads to a reference genome and outputs sorted BAMs -- bwa-mem2 + PE reads.": {
        "content": [
            {
                "0": [
                    [
                        {
                            "sampleName": "SRR6924569",
                            "sampleNumber": "1",
                            "lane": "001",
                            "readType": "paired",
                            "rgFields": {
                                "ID": "SRR6924569.001",
                                "SM": "SRR6924569",
                                "LB": "SRR6924569",
                                "PL": "ILLUMINA"
                            }
                        },
                        "SRR6924569_L001.bam:md5,010622c556084fd5288512eec44a10bf",
                        "SRR6924569_L001.bam.bai:md5,1e9ba5912083c49a1cd61a4556b3b7e4"
                    ],
                    [
                        {
                            "sampleName": "SRR6924569",
                            "sampleNumber": "1",
                            "lane": "002",
                            "readType": "paired",
                            "rgFields": {
                                "ID": "SRR6924569.002",
                                "SM": "SRR6924569",
                                "LB": "SRR6924569",
                                "PL": "ILLUMINA"
                            }
                        },
                        "SRR6924569_L002.bam:md5,a65249a37b0d3470314db759c456dc31",
                        "SRR6924569_L002.bam.bai:md5,70e5ded34544598a2f21ca31ad56179b"
                    ]
                ],
                "1": [
                    [
                        {
                            "sampleName": "SRR6924569",
                            "sampleNumber": "1",
                            "readType": "paired"
                        },
                        "SRR6924569.bam:md5,169583c35d370dd9795db39204a60593",
                        "SRR6924569.bam.bai:md5,d52a9783ad6d6bdf7f52c5d5193ebbac"
                    ]
                ],
                "2": [
                    [
                        {
                            "sampleName": "SRR6924569",
                            "sampleNumber": "1",
                            "readType": "paired"
                        },
                        "SRR6924569.bam:md5,867d318141fb891cf7f11af277b5ce5f"
                    ]
                ],
                "alignmentsIndividualSortedByCoord": [
                    [
                        {
                            "sampleName": "SRR6924569",
                            "sampleNumber": "1",
                            "lane": "001",
                            "readType": "paired",
                            "rgFields": {
                                "ID": "SRR6924569.001",
                                "SM": "SRR6924569",
                                "LB": "SRR6924569",
                                "PL": "ILLUMINA"
                            }
                        },
                        "SRR6924569_L001.bam:md5,010622c556084fd5288512eec44a10bf",
                        "SRR6924569_L001.bam.bai:md5,1e9ba5912083c49a1cd61a4556b3b7e4"
                    ],
                    [
                        {
                            "sampleName": "SRR6924569",
                            "sampleNumber": "1",
                            "lane": "002",
                            "readType": "paired",
                            "rgFields": {
                                "ID": "SRR6924569.002",
                                "SM": "SRR6924569",
                                "LB": "SRR6924569",
                                "PL": "ILLUMINA"
                            }
                        },
                        "SRR6924569_L002.bam:md5,a65249a37b0d3470314db759c456dc31",
                        "SRR6924569_L002.bam.bai:md5,70e5ded34544598a2f21ca31ad56179b"
                    ]
                ],
                "alignmentsMergedSortedByCoord": [
                    [
                        {
                            "sampleName": "SRR6924569",
                            "sampleNumber": "1",
                            "readType": "paired"
                        },
                        "SRR6924569.bam:md5,169583c35d370dd9795db39204a60593",
                        "SRR6924569.bam.bai:md5,d52a9783ad6d6bdf7f52c5d5193ebbac"
                    ]
                ],
                "alignmentsMergedSortedByName": [
                    [
                        {
                            "sampleName": "SRR6924569",
                            "sampleNumber": "1",
                            "readType": "paired"
                        },
                        "SRR6924569.bam:md5,867d318141fb891cf7f11af277b5ce5f"
                    ]
                ]
            }
        ],
        "timestamp": "2024-04-02T10:19:34.770717278"
    },
    "MAP_READS maps reads to a reference genome and outputs sorted BAMs -- STAR + PE reads.": {
        "content": [
            {
                "0": [
                    [
                        {
                            "sampleName": "SRR6924569",
                            "sampleNumber": "1",
                            "lane": "001",
                            "readType": "paired",
                            "rgFields": {
                                "ID": "SRR6924569.001",
                                "SM": "SRR6924569",
                                "LB": "SRR6924569",
                                "PL": "ILLUMINA"
                            }
                        },
                        "SRR6924569_L001.bam:md5,db2eb799f85c990330072ac144a3fda7",
                        "SRR6924569_L001.bam.bai:md5,3ae89ff70b99f63d301c609205d72e2d"
                    ],
                    [
                        {
                            "sampleName": "SRR6924569",
                            "sampleNumber": "1",
                            "lane": "002",
                            "readType": "paired",
                            "rgFields": {
                                "ID": "SRR6924569.002",
                                "SM": "SRR6924569",
                                "LB": "SRR6924569",
                                "PL": "ILLUMINA"
                            }
                        },
                        "SRR6924569_L002.bam:md5,2849ef3715e17b3d12bade2640572c12",
                        "SRR6924569_L002.bam.bai:md5,500fc27daf882d2899f25e08091bf409"
                    ]
                ],
                "1": [
                    [
                        {
                            "sampleName": "SRR6924569",
                            "sampleNumber": "1",
                            "readType": "paired"
                        },
                        "SRR6924569.bam:md5,abceb043c99b9b8e2968cb82d507a29a",
                        "SRR6924569.bam.bai:md5,60f1f00a5aae097e9893dd7cebb86a62"
                    ]
                ],
                "2": [
                    [
                        {
                            "sampleName": "SRR6924569",
                            "sampleNumber": "1",
                            "readType": "paired"
                        },
                        "SRR6924569.bam:md5,af115edc918e3aea88563fda1987b90b"
                    ]
                ],
                "alignmentsIndividualSortedByCoord": [
                    [
                        {
                            "sampleName": "SRR6924569",
                            "sampleNumber": "1",
                            "lane": "001",
                            "readType": "paired",
                            "rgFields": {
                                "ID": "SRR6924569.001",
                                "SM": "SRR6924569",
                                "LB": "SRR6924569",
                                "PL": "ILLUMINA"
                            }
                        },
                        "SRR6924569_L001.bam:md5,db2eb799f85c990330072ac144a3fda7",
                        "SRR6924569_L001.bam.bai:md5,3ae89ff70b99f63d301c609205d72e2d"
                    ],
                    [
                        {
                            "sampleName": "SRR6924569",
                            "sampleNumber": "1",
                            "lane": "002",
                            "readType": "paired",
                            "rgFields": {
                                "ID": "SRR6924569.002",
                                "SM": "SRR6924569",
                                "LB": "SRR6924569",
                                "PL": "ILLUMINA"
                            }
                        },
                        "SRR6924569_L002.bam:md5,2849ef3715e17b3d12bade2640572c12",
                        "SRR6924569_L002.bam.bai:md5,500fc27daf882d2899f25e08091bf409"
                    ]
                ],
                "alignmentsMergedSortedByCoord": [
                    [
                        {
                            "sampleName": "SRR6924569",
                            "sampleNumber": "1",
                            "readType": "paired"
                        },
                        "SRR6924569.bam:md5,abceb043c99b9b8e2968cb82d507a29a",
                        "SRR6924569.bam.bai:md5,60f1f00a5aae097e9893dd7cebb86a62"
                    ]
                ],
                "alignmentsMergedSortedByName": [
                    [
                        {
                            "sampleName": "SRR6924569",
                            "sampleNumber": "1",
                            "readType": "paired"
                        },
                        "SRR6924569.bam:md5,af115edc918e3aea88563fda1987b90b"
                    ]
                ]
            }
        ],
        "timestamp": "2024-04-02T10:24:39.637400944"
    }
}