{
    "PREPARE_INPUTS succeeds when valid samplesheet, genome, and annotation are supplied.": {
        "content": [
            {
                "0": [
                    [
                        {
                            "sampleName": "Chromium_3p_GEX_Human_PBMC_chr21_100000",
                            "sampleNumber": "1",
                            "lane": "001",
                            "readType": "paired"
                        },
                        [
                            "/utia-gc/ngs-test/raw/scrnaseq/data/reads/raw/Chromium_3p_GEX_Human_PBMC_chr21_100000_S1_L001_R1_001.fastq.gz",
                            "/utia-gc/ngs-test/raw/scrnaseq/data/reads/raw/Chromium_3p_GEX_Human_PBMC_chr21_100000_S1_L001_R2_001.fastq.gz"
                        ]
                    ],
                    [
                        {
                            "sampleName": "Chromium_3p_GEX_Human_PBMC_chr21_100000",
                            "sampleNumber": "1",
                            "lane": "002",
                            "readType": "paired"
                        },
                        [
                            "/utia-gc/ngs-test/raw/scrnaseq/data/reads/raw/Chromium_3p_GEX_Human_PBMC_chr21_100000_S1_L002_R1_001.fastq.gz",
                            "/utia-gc/ngs-test/raw/scrnaseq/data/reads/raw/Chromium_3p_GEX_Human_PBMC_chr21_100000_S1_L002_R2_001.fastq.gz"
                        ]
                    ]
                ],
                "1": [
                    "GRCh38.p14_genomic_NC_000021.9.fna:md5,7decb2f4cab1bc058b24c48459469232"
                ],
                "2": [
                    "GRCh38.p14_genomic_NC_000021.9.gtf:md5,5dbd6627231b875a9e62136f8dfe2923"
                ],
                "annotations": [
                    "GRCh38.p14_genomic_NC_000021.9.gtf:md5,5dbd6627231b875a9e62136f8dfe2923"
                ],
                "genome": [
                    "GRCh38.p14_genomic_NC_000021.9.fna:md5,7decb2f4cab1bc058b24c48459469232"
                ],
                "samples": [
                    [
                        {
                            "sampleName": "Chromium_3p_GEX_Human_PBMC_chr21_100000",
                            "sampleNumber": "1",
                            "lane": "001",
                            "readType": "paired"
                        },
                        [
                            "/utia-gc/ngs-test/raw/scrnaseq/data/reads/raw/Chromium_3p_GEX_Human_PBMC_chr21_100000_S1_L001_R1_001.fastq.gz",
                            "/utia-gc/ngs-test/raw/scrnaseq/data/reads/raw/Chromium_3p_GEX_Human_PBMC_chr21_100000_S1_L001_R2_001.fastq.gz"
                        ]
                    ],
                    [
                        {
                            "sampleName": "Chromium_3p_GEX_Human_PBMC_chr21_100000",
                            "sampleNumber": "1",
                            "lane": "002",
                            "readType": "paired"
                        },
                        [
                            "/utia-gc/ngs-test/raw/scrnaseq/data/reads/raw/Chromium_3p_GEX_Human_PBMC_chr21_100000_S1_L002_R1_001.fastq.gz",
                            "/utia-gc/ngs-test/raw/scrnaseq/data/reads/raw/Chromium_3p_GEX_Human_PBMC_chr21_100000_S1_L002_R2_001.fastq.gz"
                        ]
                    ]
                ]
            }
        ],
        "timestamp": "2023-08-23T13:08:11+0000"
    }
}