{
    "PROCESS_READS trims reads by default -- cutadapt + PE reads.": {
        "content": [
            [
                [
                    {
                        "sampleName": "SRR6924569",
                        "sampleNumber": "1",
                        "lane": "001",
                        "readType": "paired",
                        "trimStatus": "trimmed"
                    },
                    "SRR6924569_L001_trimmed_R1.fastq.gz:md5,43155463ca75fd43719d7f53ff4c7245",
                    "SRR6924569_L001_trimmed_R2.fastq.gz:md5,4594a366575b59d38e2496c3ebbd6c07"
                ],
                [
                    {
                        "sampleName": "SRR6924569",
                        "sampleNumber": "1",
                        "lane": "002",
                        "readType": "paired",
                        "trimStatus": "trimmed"
                    },
                    "SRR6924569_L002_trimmed_R1.fastq.gz:md5,6a1f03d172b16055f1649deff74f091f",
                    "SRR6924569_L002_trimmed_R2.fastq.gz:md5,ee1de89c2b899f584f65626827f74f10"
                ]
            ]
        ],
        "meta": {
            "nf-test": "0.9.0",
            "nextflow": "23.10.1"
        },
        "timestamp": "2024-08-23T16:45:07.120719347"
    },
    "PROCESS_READS trims reads by default -- cutadapt + SE reads.": {
        "content": [
            [
                [
                    {
                        "sampleName": "SRR1066657",
                        "sampleNumber": "3",
                        "lane": "001",
                        "readType": "single",
                        "trimStatus": "trimmed"
                    },
                    "SRR1066657_L001_trimmed_R1.fastq.gz:md5,c628a67ac81573079efc5c6ab313edf4",
                    "SRR1066657_L001_trimmed_R2.NOFILE:md5,d41d8cd98f00b204e9800998ecf8427e"
                ],
                [
                    {
                        "sampleName": "SRR1066657",
                        "sampleNumber": "3",
                        "lane": "002",
                        "readType": "single",
                        "trimStatus": "trimmed"
                    },
                    "SRR1066657_L002_trimmed_R1.fastq.gz:md5,d8a6946fa34ddc03932ab23b910a622b",
                    "SRR1066657_L002_trimmed_R2.NOFILE:md5,d41d8cd98f00b204e9800998ecf8427e"
                ]
            ]
        ],
        "meta": {
            "nf-test": "0.9.0",
            "nextflow": "23.10.1"
        },
        "timestamp": "2024-08-23T16:44:57.386290162"
    },
    "PROCESS_READS trims reads by default -- fastp +  PE reads + adapter fasta.": {
        "content": [
            [
                [
                    {
                        "sampleName": "SRR6924569",
                        "sampleNumber": "1",
                        "lane": "001",
                        "readType": "paired",
                        "trimStatus": "trimmed"
                    },
                    "SRR6924569_L001_trimmed_R1.fastq.gz:md5,8aa724807a5f1c787ece1c5f1e1b4e1f",
                    "SRR6924569_L001_trimmed_R2.fastq.gz:md5,fa5d0be90eaba718ba1048dc1ca4027c"
                ],
                [
                    {
                        "sampleName": "SRR6924569",
                        "sampleNumber": "1",
                        "lane": "002",
                        "readType": "paired",
                        "trimStatus": "trimmed"
                    },
                    "SRR6924569_L002_trimmed_R1.fastq.gz:md5,b1136714d1bdfaec240ab749ccd313f8",
                    "SRR6924569_L002_trimmed_R2.fastq.gz:md5,999180d76b59a03cfc5a0b92b3fa4285"
                ]
            ]
        ],
        "meta": {
            "nf-test": "0.9.0",
            "nextflow": "23.10.1"
        },
        "timestamp": "2024-08-23T16:45:47.080772548"
    },
    "PROCESS_READS trims reads by default -- fastp +  PE reads.": {
        "content": [
            [
                [
                    {
                        "sampleName": "SRR6924569",
                        "sampleNumber": "1",
                        "lane": "001",
                        "readType": "paired",
                        "trimStatus": "trimmed"
                    },
                    "SRR6924569_L001_trimmed_R1.fastq.gz:md5,d039428aeeaed7409cbe9f357df2ea49",
                    "SRR6924569_L001_trimmed_R2.fastq.gz:md5,52bb6a4d21c88014ceb20af871c162c0"
                ],
                [
                    {
                        "sampleName": "SRR6924569",
                        "sampleNumber": "1",
                        "lane": "002",
                        "readType": "paired",
                        "trimStatus": "trimmed"
                    },
                    "SRR6924569_L002_trimmed_R1.fastq.gz:md5,b5098eb3c0f0d03a1cb4d6c73611848b",
                    "SRR6924569_L002_trimmed_R2.fastq.gz:md5,eb2193b62d9f346b840e9a1e22b92450"
                ]
            ]
        ],
        "meta": {
            "nf-test": "0.9.0",
            "nextflow": "23.10.1"
        },
        "timestamp": "2024-08-23T16:45:25.493448863"
    },
    "PROCESS_READS trims reads by default -- fastp + SE reads.": {
        "content": [
            [
                [
                    {
                        "sampleName": "SRR1066657",
                        "sampleNumber": "3",
                        "lane": "001",
                        "readType": "single",
                        "trimStatus": "trimmed"
                    },
                    "SRR1066657_L001_trimmed_R1.fastq.gz:md5,dcc871a89deb4f6848918e2e14f511ec",
                    "SRR1066657_L001_trimmed_R2.NOFILE:md5,d41d8cd98f00b204e9800998ecf8427e"
                ],
                [
                    {
                        "sampleName": "SRR1066657",
                        "sampleNumber": "3",
                        "lane": "002",
                        "readType": "single",
                        "trimStatus": "trimmed"
                    },
                    "SRR1066657_L002_trimmed_R1.fastq.gz:md5,d52bc859986ff0bf250cffbcb3b3f2df",
                    "SRR1066657_L002_trimmed_R2.NOFILE:md5,d41d8cd98f00b204e9800998ecf8427e"
                ]
            ]
        ],
        "meta": {
            "nf-test": "0.9.0",
            "nextflow": "23.10.1"
        },
        "timestamp": "2024-08-23T16:45:15.708692861"
    },
    "PROCESS_READS trims reads by default -- fastp + SE reads + adapter fasta.": {
        "content": [
            [
                [
                    {
                        "sampleName": "SRR1066657",
                        "sampleNumber": "3",
                        "lane": "001",
                        "readType": "single",
                        "trimStatus": "trimmed"
                    },
                    "SRR1066657_L001_trimmed_R1.fastq.gz:md5,94064a8eefdb349a2a7a16840bac19ac",
                    "SRR1066657_L001_trimmed_R2.NOFILE:md5,d41d8cd98f00b204e9800998ecf8427e"
                ],
                [
                    {
                        "sampleName": "SRR1066657",
                        "sampleNumber": "3",
                        "lane": "002",
                        "readType": "single",
                        "trimStatus": "trimmed"
                    },
                    "SRR1066657_L002_trimmed_R1.fastq.gz:md5,b67efb095e88504573aa6cd3d0c80271",
                    "SRR1066657_L002_trimmed_R2.NOFILE:md5,d41d8cd98f00b204e9800998ecf8427e"
                ]
            ]
        ],
        "meta": {
            "nf-test": "0.9.0",
            "nextflow": "23.10.1"
        },
        "timestamp": "2024-08-23T16:45:36.132528933"
    }
}